// Jest Snapshot v1, https://goo.gl/fbAQLP

exports[`Storyshots LoveButton default 1`] = `<!---->`;
